[backblue.gif]
[fade.gif]
[index.html]
[ieeevr.org/2016/feed/index.html]
[ieeevr.org/2016/comments/feed/index.html]
[ieeevr.org/2016/home/feed/index.html]
[ieeevr.org/2016/wp-includes/js/jquery/jquery4a80.js]
[ieeevr.org/2016/wp-includes/js/jquery/jquery-migrate.min1576.js]
[ieeevr.org/2016/wp-content/themes/flat/assets/js/flat.minba3a.js]
[ieeevr.org/2016/wp-content/uploads/2015/07/Favicon.png]
[ieeevr.org/2016/wp-content/uploads/2015/07/VRBackgroundAlt.png]
[ieeevr.org/2016/wp-content/uploads/2016/01/Banner-w-Logos.png]
[ieeevr.org/2016/wp-content/uploads/2015/07/IEEE2016-round-whitetext-01.png]
[ieeevr.org/2016/wp-content/plugins/ultimate-social-media-icons/images/icons_theme/flat/flat_facebook.png]
[ieeevr.org/2016/wp-content/plugins/ultimate-social-media-icons/images/visit_icons/facebook.png]
[ieeevr.org/2016/wp-content/plugins/ultimate-social-media-icons/images/icons_theme/flat/flat_twitter.png]
[ieeevr.org/2016/wp-content/plugins/ultimate-social-media-icons/images/icons_theme/flat/flat_youtube.png]
[ieeevr.org/2016/wp-content/plugins/ultimate-social-media-icons/images/icons_theme/flat/flat_email.png]
[ieeevr.org/2016/wp-content/uploads/2015/10/NSF.png]
[ieeevr.org/2016/wp-content/uploads/2016/02/ClemsonCES.jpg]
[ieeevr.org/2016/wp-content/uploads/2016/02/SOCNewLogo.jpg]
[ieeevr.org/2016/wp-content/uploads/2016/02/ART-logo-black_300dpi_A4.jpg]
[ieeevr.org/2016/wp-content/uploads/2016/02/coeLogo.jpg]
[ieeevr.org/2016/wp-content/uploads/2016/02/DP001.png]
[ieeevr.org/2016/wp-content/uploads/2016/02/esi_full-colour_tagline_rgb.jpg]
[ieeevr.org/2016/wp-content/uploads/2016/02/logo_big.jpg]
[ieeevr.org/2016/wp-content/uploads/2016/02/MiddleVR-ImprooveReality.jpg]
[ieeevr.org/2016/wp-content/uploads/2016/02/Noraxon-Logo-Transparent-Bkgrd.png]
[ieeevr.org/2016/wp-content/uploads/2016/02/Polhemus-Green_black-tag.jpg]
[ieeevr.org/2016/wp-content/uploads/2016/02/Vicon-Logo.png]
[ieeevr.org/2016/wp-content/uploads/2016/02/Black-circle_Grey-orld_i_Black-viz_tagline.png]
[ieeevr.org/2016/wp-content/uploads/2016/02/Presence-e-logo-150x150.gif]
[ieeevr.org/2016/wp-content/uploads/2016/03/MC_logo_color_square.jpg]
[ieeevr.org/2016/wp-content/plugins/slider-image/Front_images/arrows/arrows.simple.png]
[ieeevr.org/2016/wp-content/uploads/2015/08/banner05.png]
[ieeevr.org/2016/wp-content/uploads/2015/08/banner03.png]
[ieeevr.org/2016/wp-content/uploads/2015/08/banner01.png]
[ieeevr.org/2016/wp-content/plugins/slider-image/Front_images/loading/loading1.gif]
[connect.facebook.net/en_US/sdk.js]
[apis.google.com/js/plusone.js]
[apis.google.com/js/platform.js]
[platform.twitter.com/widgets.js]
[ieeevr.org/2016/wp-content/plugins/ultimate-social-media-icons/js/jquery-migrate-min3a05.js]
[ieeevr.org/2016/wp-content/plugins/ultimate-social-media-icons/js/jquery-ui-min3a05.js]
[ieeevr.org/2016/wp-content/plugins/ultimate-social-media-icons/js/shuffle/modernizr.custom.min3a05.js]
[ieeevr.org/2016/wp-content/plugins/ultimate-social-media-icons/js/shuffle/jquery.shuffle.min3a05.js]
[ieeevr.org/2016/wp-content/plugins/ultimate-social-media-icons/js/shuffle/random-shuffle-min3a05.js]
[ieeevr.org/2016/wp-content/plugins/ultimate-social-media-icons/js/custom3a05.js]
[ieeevr.org/2016/index.html]
[ieeevr.org/2016/wp-content/plugins/ultimate-social-media-icons/css/fonts/helvetica_bold_0-webfont.eot]
[ieeevr.org/2016/wp-content/plugins/ultimate-social-media-icons/css/fonts/helvetica_bold_0-webfontd41d.eot]
[ieeevr.org/2016/wp-content/plugins/ultimate-social-media-icons/css/fonts/helvetica_bold_0-webfont.woff]
[ieeevr.org/2016/wp-content/plugins/ultimate-social-media-icons/css/fonts/helvetica_bold_0-webfont.ttf]
[ieeevr.org/2016/wp-content/plugins/ultimate-social-media-icons/css/fonts/helvetica_0-webfont.eot]
[ieeevr.org/2016/wp-content/plugins/ultimate-social-media-icons/css/fonts/helvetica_0-webfont.woff]
[ieeevr.org/2016/wp-content/plugins/ultimate-social-media-icons/css/fonts/helvetica_0-webfont.ttf]
[ieeevr.org/2016/wp-content/plugins/ultimate-social-media-icons/css/fonts/helveticaneue-light.eot]
[ieeevr.org/2016/wp-content/plugins/ultimate-social-media-icons/css/fonts/helveticaneue-light.woff]
[ieeevr.org/2016/wp-content/plugins/ultimate-social-media-icons/css/fonts/helveticaneue-light.ttf]
[ieeevr.org/2016/wp-content/plugins/ultimate-social-media-icons/images/count_bg.png]
[ieeevr.org/2016/wp-content/plugins/ultimate-social-media-icons/css/fonts/helvetica_0-webfontd41d.eot]
[ieeevr.org/2016/wp-content/plugins/ultimate-social-media-icons/images/check_bg.jpg]
[ieeevr.org/2016/wp-content/plugins/ultimate-social-media-icons/css/fonts/helveticaneue-lightd41d.eot]
[ieeevr.org/2016/wp-content/plugins/ultimate-social-media-icons/images/radio_bg.png]
[ieeevr.org/2016/wp-content/plugins/ultimate-social-media-icons/images/select_bg.jpg]
[ieeevr.org/2016/wp-content/plugins/ultimate-social-media-icons/images/count_bg.jpg]
[ieeevr.org/2016/wp-content/plugins/ultimate-social-media-icons/images/select_bg1.jpg]
[ieeevr.org/2016/wp-content/plugins/ultimate-social-media-icons/images/count_bg1.png]
[ieeevr.org/2016/wp-content/plugins/ultimate-social-media-icons/images/tab_1_icn_list.png]
[ieeevr.org/2016/wp-content/plugins/ultimate-social-media-icons/images/sf_arow_icn.png]
[ieeevr.org/2016/wp-content/plugins/ultimate-social-media-icons/images/tab_3_list_bg.jpg]
[ieeevr.org/2016/wp-content/plugins/ultimate-social-media-icons/images/tab_3_icns.png]
[ieeevr.org/2016/wp-content/plugins/ultimate-social-media-icons/images/ajax-loader.gif]
[ieeevr.org/2016/wp-content/plugins/ultimate-social-media-icons/images/bot_tip_icn.png]
[ieeevr.org/2016/wp-content/plugins/ultimate-social-media-icons/css/images/count_top_arow.png]
[ieeevr.org/2016/wp-content/plugins/ultimate-social-media-icons/css/images/left_log_icn.png]
[ieeevr.org/2016/wp-content/plugins/ultimate-social-media-icons/css/images/count_left_arow.png]
[ieeevr.org/2016/wp-content/plugins/ultimate-social-media-icons/css/sfsi-style3a05.css]
[ieeevr.org/2016/wp-content/plugins/ultimate-social-media-icons/css/jquery-ui-1.10.4/jquery-ui-min3a05.css]
[ieeevr.org/2016/wp-content/themes/flat/assets/fonts/fontawesome-webfonte0a5.eot]
[ieeevr.org/2016/wp-content/themes/flat/assets/fonts/fontawesome-webfontd41d.eot]
[ieeevr.org/2016/wp-content/themes/flat/assets/fonts/fontawesome-webfonte0a5.woff2]
[ieeevr.org/2016/wp-content/themes/flat/assets/fonts/fontawesome-webfonte0a5.woff]
[ieeevr.org/2016/wp-content/themes/flat/assets/fonts/fontawesome-webfonte0a5.ttf]
[ieeevr.org/2016/wp-content/themes/flat/assets/css/flat.minba3a.css]
[ieeevr.org/2016/wp-content/themes/flat/style3a05.css]
[ieeevr.org/2016/index89d4.html]
[ieeevr.org/2016/xmlrpc0db0.html]
[ieeevr.org/2016/wp-content/uploads/2016/02/saturday.png]
[ieeevr.org/2016/wp-content/uploads/2016/02/sunday.png]
[ieeevr.org/2016/program/program-overview/feed/index.html]
[ieeevr.org/2016/wp-content/uploads/2016/02/monday.png]
[ieeevr.org/2016/wp-content/uploads/2016/02/tuesday.png]
[ieeevr.org/2016/wp-content/uploads/2016/02/wednesday.png]
[ieeevr.org/2016/wp-content/uploads/2016/02/3dui.png]
[ieeevr.org/2016/wp-content/uploads/2016/02/vr.png]
[ieeevr.org/2016/wp-content/uploads/2016/02/WsTutDC.png]
[ieeevr.org/2016/wp-content/uploads/2016/02/paperPanelsPosters.png]
[ieeevr.org/2016/wp-content/uploads/2016/02/3duiContest.png]
[ieeevr.org/2016/wp-content/uploads/2016/02/exhibitor.png]
[ieeevr.org/2016/wp-content/uploads/2016/02/clemson.png]
[ieeevr.org/2016/wp-content/uploads/2016/02/awards.png]
[ieeevr.org/2016/wp-content/uploads/2016/02/BallroomABlayout.pdf]
[ieeevr.org/2016/program/program-overview/index.html]
[ieeevr.org/2016/wp-content/uploads/2015/05/lin2010_HD.jpg]
[ieeevr.org/2016/wp-content/uploads/2015/05/lin2010_HD-213x300.jpg]
[ieeevr.org/2016/program/keynote/index.html]
[ieeevr.org/2016/program/keynote/feed/index.html]
[ieeevr.org/2016/wp-content/uploads/2016/02/bickmore-12-15-1.jpg]
[ieeevr.org/2016/wp-content/uploads/2016/02/bickmore-12-15-1-300x298.jpg]
[ieeevr.org/2016/program/capstone-presentation/index.html]
[ieeevr.org/2016/wp-content/uploads/2016/02/teaser.png]
[ieeevr.org/2016/wp-content/uploads/2016/02/VR2016-0233-file3.jpg]
[ieeevr.org/2016/program/papers/feed/index.html]
[ieeevr.org/2016/wp-content/uploads/2016/02/VR2016-0198-file3.jpg]
[ieeevr.org/2016/wp-content/uploads/2016/02/VR2016-0127-file3.jpg]
[ieeevr.org/2016/wp-content/uploads/2016/02/VR2016-0138-file3.jpg]
[ieeevr.org/2016/wp-content/uploads/2016/02/VR2016-0242-file3.jpg]
[ieeevr.org/2016/wp-content/uploads/2016/02/VR2016-0137-file3.jpg]
[ieeevr.org/2016/wp-content/uploads/2016/02/217.jpg]
[ieeevr.org/2016/wp-content/uploads/2016/02/VR2016-0228-file3.jpg]
[ieeevr.org/2016/wp-content/uploads/2016/02/VR2016-0250-file3.jpg]
[ieeevr.org/2016/wp-content/uploads/2016/02/VR2016-0182-file3.jpg]
[ieeevr.org/2016/wp-content/uploads/2016/02/VR2016-0143-file3.jpg.png]
[ieeevr.org/2016/wp-content/uploads/2016/02/VR2016-0305-file3.jpg]
[ieeevr.org/2016/wp-content/uploads/2016/02/ppt1.jpg]
[ieeevr.org/2016/wp-content/uploads/2016/02/VR2016-0255-file3.jpg]
[ieeevr.org/2016/wp-content/uploads/2016/02/VR2016-0207-file3.jpg]
[ieeevr.org/2016/wp-content/uploads/2016/02/VR2016-0225-file3.jpg]
[ieeevr.org/2016/wp-content/uploads/2016/02/VR2016-0227-file3.jpg]
[ieeevr.org/2016/wp-content/uploads/2016/02/VR2016-0108-file3.jpg]
[ieeevr.org/2016/wp-content/uploads/2016/02/VR2016-0186-file3.jpg]
[ieeevr.org/2016/wp-content/uploads/2016/02/VR2016-0185-file3.jpg]
[ieeevr.org/2016/wp-content/uploads/2016/02/VR2016-0118-file3.jpg]
[ieeevr.org/2016/wp-content/uploads/2016/02/VR2016-0163-file3.jpg]
[ieeevr.org/2016/wp-content/uploads/2016/02/VR2016-0248-file3.jpg]
[ieeevr.org/2016/wp-content/uploads/2016/02/VR2016-0290-file3.jpg]
[ieeevr.org/2016/wp-content/uploads/2016/02/VR2016-0159-file3.jpg]
[ieeevr.org/2016/wp-content/uploads/2016/02/ppt3.jpg]
[ieeevr.org/2016/wp-content/uploads/2016/02/ppt4.jpg]
[ieeevr.org/2016/wp-content/uploads/2016/02/VR2016-0164-file3.jpg]
[ieeevr.org/2016/wp-content/uploads/2016/02/VR2016-0155-file3.jpg]
[ieeevr.org/2016/wp-content/uploads/2016/02/VR2016-0184-file3.jpg]
[ieeevr.org/2016/wp-content/uploads/2016/02/VR2016-0188-file3.jpg]
[ieeevr.org/2016/wp-content/uploads/2016/02/ppt5.jpg]
[ieeevr.org/2016/wp-content/uploads/2016/02/VR2016-0148-file3.jpg]
[ieeevr.org/2016/wp-content/uploads/2016/02/VR2016-0215-file3.jpg.png]
[ieeevr.org/2016/wp-content/uploads/2016/02/VR2016-0181-file3.jpg]
[ieeevr.org/2016/program/papers/index.html]
[ieeevr.org/2016/posters/index.html]
[ieeevr.org/2016/program/panels/feed/index.html]
[ieeevr.org/2016/program/panels/index.html]
[ieeevr.org/2016/program/workshop-papers/index.html]
[ieeevr.org/2016/program/workshop-papers/feed/index.html]
[ieeevr.org/2016/program/workshop-papers/third-ieee-vr-international-workshop-on-collaborative-virtual-environments-3dcve/index.html]
[ieeevr.org/2016/program/workshop-papers/second-workshop-on-everyday-virtual-reality/index.html]
[sites.google.com/site/3dcveieeevr2016/index.html]
[ieeevr.org/2016/program/workshop-papers/ieee-vr-2016-workshop-on-perceptual-and-cognitive-issues-in-ar-percar/index.html]
[ieeevr.org/2016/program/workshop-papers/immersive-analytics-ia/index.html]
[ieeevr.org/2016/program/workshop-papers/mixed-reality-art-mra-workshop/index.html]
[ieeevr.org/2016/program/workshop-papers/ieee-virtual-reality-2016-workshop-on-k-12-embodied-learning-through-virtual-augmented-reality-kelvar/index.html]
[ieeevr.org/2016/program/workshop-papers/9th-workshop-on-software-engineering-and-architectures-for-realtime-interactive-systems/index.html]
[ieeevr.org/2016/program/workshop-papers/ieee-vr-workshop-on-virtual-humans-and-crowds-for-immersive-environments/index.html]
[ieeevr.org/2016/program/tutorials/index.html]
[ieeevr.org/2016/program/tutorials/feed/index.html]
[sites.google.com/site/percarworkshop2016/home.html]
[ieeevr.org/2016/wp-content/uploads/2016/03/1_feij.jpg]
[sites.google.com/site/vhcie2016/index.html]
[ieeevr.org/2016/wp-content/uploads/2016/03/2_frend.jpg]
[ieeevr.org/2016/program/research-demos/feed/index.html]
[ieeevr.org/2016/wp-content/uploads/2016/03/15_le.jpg]
[ieeevr.org/2016/wp-content/uploads/2016/03/3_lykawka.jpg]
[ieeevr.org/2016/wp-content/uploads/2016/03/4_nishida.jpg]
[ieeevr.org/2016/wp-content/uploads/2016/03/5_hashimoto.jpg]
[ieeevr.org/2016/wp-content/uploads/2016/03/5_fleuri.jpg]
[ieeevr.org/2016/wp-content/uploads/2016/03/6_bogoni.jpg]
[ieeevr.org/2016/wp-content/uploads/2016/03/7_ball.jpg]
[ieeevr.org/2016/wp-content/uploads/2016/03/8_hodgson.jpg]
[ieeevr.org/2016/wp-content/uploads/2016/03/9_moser.jpg]
[ieeevr.org/2016/wp-content/uploads/2016/03/10_lafever.jpg]
[ieeevr.org/2016/wp-content/uploads/2016/03/11_tagawa.jpg]
[ieeevr.org/2016/wp-content/uploads/2016/03/12_fernandes.jpg]
[ieeevr.org/2016/wp-content/uploads/2016/03/13_wilson.jpg]
[ieeevr.org/2016/wp-content/uploads/2016/03/14_borba.jpg]
[ieeevr.org/2016/wp-content/uploads/2016/03/LSO-trainer-ResearchDemo-GreunkeLSadagicA-2016-02-14.pdf]
[ieeevr.org/2016/program/research-demos/index.html]
[ieeevr.org/2016/program/videos/index.html]
[ieeevr.org/2016/program/videos/feed/index.html]
[ieeevr.org/2016/wp-content/uploads/2016/03/MCP_logo_horizontal.jpg]
[ieeevr.org/2016/program/exhibitors/index.html]
[ieeevr.org/2016/program/exhibitors/feed/index.html]
[ieeevr.org/2016/attend/registration/index.html]
[ieeevr.org/2016/attend/registration/feed/index.html]
[ieeevr.org/2016/wp-content/uploads/2015/05/greenville_skyline_artistic.png]
[ieeevr.org/2016/wp-content/uploads/2015/05/M3_5581_Edit_1-1300x790.jpg]
[ieeevr.org/2016/wp-content/uploads/2015/05/2631759-Hyatt-Regency-Greenville-Meeting-Room-3-DEF.jpg]
[ieeevr.org/2016/wp-content/uploads/2015/05/ballroom.png]
[ieeevr.org/2016/wp-content/uploads/2015/05/Picture1.png]
[ieeevr.org/2016/attend/venue/index.html]
[ieeevr.org/2016/attend/accommodations/feed/index.html]
[ieeevr.org/2016/wp-content/uploads/2016/02/hyatt.jpg]
[ieeevr.org/2016/attend/accommodations/index.html]
[ieeevr.org/2016/attend/transportion/index.html]
[ieeevr.org/2016/wp-content/uploads/2016/03/Attractions-and-Restaurants_v3.pdf]
[ieeevr.org/2016/attend/transportion/feed/index.html]
[ieeevr.org/2016/wp-content/uploads/2016/03/restaurants.jpg]
[ieeevr.org/2016/attend/restaurants-2/index.html]
[ieeevr.org/2016/wp-content/uploads/2016/03/attractions.jpg]
[ieeevr.org/2016/attend/attractions-2/index.html]
[ieeevr.org/2016/contribute/papers/index.html]
[ieeevr.org/2016/wp-content/uploads/2015/11/IPCC2014_Extended_Abstract_Template_2014.06.08-v.04.docx]
[ieeevr.org/2016/contribute/call-for-doctoral-consortium/index.html]
[ieeevr.org/2016/wp-content/uploads/2016/03/BallroomABlayout.jpg]
[ieeevr.org/2016/wp-content/uploads/2016/01/VR2016_Prospectus.pdf]
[ieeevr.org/2016/contribute/exhibitors-and-supporters/index.html]
[ieeevr.org/2016/contribute/call-for-panels/index.html]
[ieeevr.org/2016/contribute/call-for-posters/index.html]
[ieeevr.org/2016/contribute/call-for-research-demos/index.html]
[ieeevr.org/2016/contribute/call-for-student-volunteers/index.html]
[ieeevr.org/2016/contribute/call-for-tutorials/index.html]
[ieeevr.org/2016/contribute/call-for-videos/index.html]
[ieeevr.org/2016/contribute/call-for-workshops/workshops/index.html]
[ieeevr.org/2016/wp-content/uploads/2016/03/ieeevr16_paper_template.pptx]
[ieeevr.org/2016/participate/presenter-instructions/index.html]
[ieeevr.org/2016/committees/conference-committee/index.html]
[ieeevr.org/2016/committees/program-committee/index.html]
[ieeevr.org/2016/committees/conference-committee/feed/index.html]
[ieeevr.org/2016/committees/steering-committee/index.html]
[ieeevr.org/2016/committees/program-committee/feed/index.html]
[ieeevr.org/2016/wp-content/uploads/2016/04/IMG_1698.jpg]
[ieeevr.org/2016/committees/steering-committee/feed/index.html]
[ieeevr.org/2016/wp-content/uploads/2016/04/IMG_1695.jpg]
[ieeevr.org/2016/wp-content/uploads/2016/04/IMG_1683cropped.jpg]
[ieeevr.org/2016/wp-content/uploads/2016/04/IMG_1673.jpg]
[ieeevr.org/2016/wp-content/uploads/2016/04/IMG_1669Cropped.jpg]
[ieeevr.org/2016/awards-2/index.html]
[ieeevr.org/2016/past-conferences/index.html]
[ieeevr.org/2016/past-conferences/feed/index.html]
[connect.facebook.net/en_US/sdk.js]
[ieeevr.org/2016/wp-content/plugins/ultimate-social-media-icons/css/fonts/helvetica_bold_0-webfont.svg]
[ieeevr.org/2016/wp-content/plugins/ultimate-social-media-icons/css/fonts/helvetica_0-webfont.svg]
[ieeevr.org/2016/wp-content/plugins/ultimate-social-media-icons/css/fonts/helveticaneue-light.svg]
[ieeevr.org/2016/wp-content/plugins/ultimate-social-media-icons/images/top_aro.html]
[ieeevr.org/2016/wp-content/themes/flat/assets/fonts/fontawesome-webfonte0a5.svg]
[ieeevr.org/2016/index5c90.html]
[ieeevr.org/2016/index4837.html]
[ieeevr.org/2016/indexc9c1.html]
[ieeevr.org/2016/indexba52.html]
[ieeevr.org/2016/index7cb7.html]
[ieeevr.org/2016/indexcc0f.html]
[ieeevr.org/2016/program/panels/steinicke@informatik.uni-hamburg.html]
[ieeevr.org/2016/index6aed.html]
[ieeevr.org/2016/index27ac.html]
[easychair.org/conferences/indexf12d.html]
[ssl.gstatic.com/sites/p/c72c63/system/app/images/apple-touch-icon.png]
[ssl.gstatic.com/sites/p/c72c63/system/app/images/cleardot.gif]
[ssl.gstatic.com/sites/p/c72c63/system/js/trog_edit__en.js]
[sites.google.com/site/3dcveieeevr2016/important-dates.html]
[sites.google.com/site/3dcveieeevr2016/papers-format.html]
[sites.google.com/site/3dcveieeevr2016/previous-3dcve-workshops.html]
[sites.google.com/site/3dcveieeevr2016/program-committee.html]
[sites.google.com/site/3dcveieeevr2016/workshop-program.html]
[sites.google.com/site/3dcveieeevr2016/system/app/pages/sitemap/hierarchy.html]
[accounts.google.com/ServiceLogin60f1.html]
[sites.google.com/site/3dcveieeevr2016/system/app/pages/recentChanges.html]
[sites.google.com/site/3dcveieeevr2016/system/app/pages/reportAbuse.html]
[ssl.gstatic.com/sites/p/c72c63/system/js/jot_min_view__fr.js]
[sites.google.com/site/3dcveieeevr2016/_/tz.c5.delayed]
[sites.google.com/site/3dcveieeevr2016/index.html]
[ieeevr.org/2016/index2d8c.html]
[easychair.org/conferences/index096f.html]
[ieeevr.org/2016/indexa9ab.html]
[sites.google.com/site/percarworkshop/home/percar_logo.ca6fb5.delayed]
[sites.google.com/site/percarworkshop2016/index.html]
[545c8af0-a-62cb3a1a-s-sites.googlegroups.com/site/percarworkshop/home/percar_logob2c8.jpg]
[sites.google.com/site/percarworkshop/_/rsrc/1417855782739/home/percar_logo.jpg]
[accounts.google.com/ServiceLogin2b93.html]
[sites.google.com/site/percarworkshop2016/system/app/pages/recentChanges.html]
[sites.google.com/site/percarworkshop2016/system/app/pages/reportAbuse.html]
[ssl.gstatic.com/sites/p/c72c63/system/js/jot_min_view__en.js]
[sites.google.com/site/percarworkshop2016/_/tz.d1.delayed]
[sites.google.com/site/percarworkshop2016/home.html]
[ieeevr.org/2016/index5604.html]
[easychair.org/conferences/indexec76.html]
[ieeevr.org/2016/index43fc.html]
[easychair.org/conferences/indexc9e8.html]
[ieeevr.org/2016/indexa260.html]
[ieeevr.org/2016/index40e6.html]
[ieeevr.org/2016/indexd8bc.html]
[sites.google.com/site/vhcie2016/home.html]
[sites.google.com/site/vhcie2016/important-dates.html]
[sites.google.com/site/vhcie2016/program-committee.html]
[sites.google.com/site/vhcie2016/submission.html]
[sites.google.com/site/vhcie2016/workshop-program.html]
[sites.google.com/site/vhcie2016/system/app/pages/sitemap/hierarchy.html]
[accounts.google.com/ServiceLogin1924.html]
[sites.google.com/site/vhcie2016/system/app/pages/recentChanges.html]
[sites.google.com/site/vhcie2016/system/app/pages/reportAbuse.html]
[sites.google.com/site/vhcie2016/_/tz.e0.delayed]
[sites.google.com/site/vhcie2016/index.html]
[ieeevr.org/2016/index4579.html]
[ieeevr.org/2016/index94b0.html]
[ieeevr.org/2016/index2dc8.html]
[ieeevr.org/2016/indexe9b4.html]
[ieeevr.org/2016/index5c36.html]
[ieeevr.org/2016/index8cd4.html]
[ieeevr.org/2016/index4f61.html]
[ieeevr.org/2016/index7ef4.html]
[ieeevr.org/2016/index7849.html]
[ieeevr.org/2016/index5579.html]
[ieeevr.org/2016/indexec4a.html]
[ieeevr.org/2016/indexf5a4.html]
[ieeevr.org/2016/index970c.html]
[ieeevr.org/2016/index71fc.html]
[ieeevr.org/2016/index258b.html]
[ieeevr.org/2016/index60bd.html]
[ieeevr.org/2016/indexf1ac.html]
[ieeevr.org/2016/index8fec.html]
[ieeevr.org/2016/indexae62.html]
[ieeevr.org/2016/index6a35.html]
[ieeevr.org/2016/index13b6.html]
[ieeevr.org/2016/indexae74.html]
[ieeevr.org/2016/index49a5.html]
[ieeevr.org/2016/index04cd.html]
[ieeevr.org/2016/index327d.html]
[ieeevr.org/2016/indexbde5.html]
[ssl.gstatic.com/sites/p/c72c63/system/app/css/codemirror_css.css]
[ssl.gstatic.com/editor/bubble2_tr.gif]
[ssl.gstatic.com/sites/p/c72c63/system/app/css/trogedit.css]
[sites.google.com/site/3dcveieeevr2016/_/rsrc/1589442141000/system/app/images/toolbar-check.gif]
[sites.google.com/site/3dcveieeevr2016/_/rsrc/1589442141000/system/app/images/icon-help-kennedy.png]
[sites.google.com/site/sites/system/app/images/icon_plusone.e4.delayed]
[accounts.google.com/ServiceLoginc521.html]
[sites.google.com/site/sites/system/app/images/plusbadge.e6.delayed]
[accounts.google.com/ServiceLogin263a.html]
[ssl.gstatic.com/images/icons/gplus-64.png]
[ssl.gstatic.com/images/icons/gplus-32.png]
[ssl.gstatic.com/images/icons/gplus-16.png]
[sites.google.com/site/3dcveieeevr2016/_/rsrc/1589442141000/system/app/css/editor.css]
[ssl.gstatic.com/sites/p/c72c63/system/app/css/codeeditor.css]
[ssl.gstatic.com/ui/v1/menu/checkmark-partial.png]
[ssl.gstatic.com/sites/p/c72c63/system/app/themes/default/standard-css-default-ltr-ltr.css]
[sites.google.com/site/3dcveieeevr2016/_/rsrc/1589442141000/system/app/css/overlayf14d.css]
[sites.google.com/site/3dcveieeevr2016/_/rsrc/1589442141000/system/app/images/camelot.png]
[sites.google.com/site/3dcveieeevr2016/_/rsrc/1589442141000/system/app/css/camelot/allthemes-view.css]
[sites.google.com/site/3dcveieeevr2016/home.html]
[sites.google.com/site/3dcveieeevr2016/important-dates.html]
[accounts.google.com/ServiceLogin7e40.html]
[sites.google.com/site/3dcveieeevr2016/papers-format.html]
[accounts.google.com/ServiceLoginc4b9.html]
[sites.google.com/site/3dcveieeevr2016/previous-3dcve-workshops.html]
[accounts.google.com/ServiceLogin88d0.html]
[sites.google.com/site/3dcveieeevr2016/program-committee.html]
[accounts.google.com/ServiceLogincd9c.html]
[sites.google.com/site/3dcveieeevr2016/workshop-program.html]
[accounts.google.com/ServiceLogind800.html]
[ssl.gstatic.com/sites/p/c72c63/system/js/jot_min__fr.js]
[sites.google.com/site/3dcveieeevr2016/system.html]
[sites.google.com/site/3dcveieeevr2016/system/app.html]
[sites.google.com/site/3dcveieeevr2016/system/app/pages.html]
[sites.google.com/site/3dcveieeevr2016/system/app/pages/sitemap.html]
[sites.google.com/site/3dcveieeevr2016/system/app/pages/sitemap/hierarchy.html]
[ieeevr.org/2016/contribute/call-for-workshops/third-ieee-vr-international-workshop-on-collaborative-virtual-environments-3dcve/index.html]
[accounts.google.com/ServiceLogin884d.html]
[ssl.gstatic.com/ui/v1/menu/checkmark.png]
[ssl.gstatic.com/accounts/ui/logo_1x.png]
[ssl.gstatic.com/images/branding/googlelogo/1x/googlelogo_color_112x36dp.png]
[ssl.gstatic.com/accounts/ui/logo_2x.png]
[ssl.gstatic.com/images/branding/googlelogo/2x/googlelogo_color_112x36dp.png]
[ssl.gstatic.com/accounts/ui/wlogostrip_230x17_1x.png]
[ssl.gstatic.com/accounts/ui/wlogostrip_230x17_2x.png]
[ssl.gstatic.com/ui/v1/icons/common/x_8px.png]
[ssl.gstatic.com/accounts/ui/avatar_2x.png]
[accounts.google.com/signin/usernamerecoverycad2.html]
[accounts.google.com/AccountChooser.103f5b5.delayed]
[accounts.google.com/ServiceLogin82e6.html]
[accounts.google.com/SignUp1366.html]
[accounts.google.com/TOS.10607dc.delayed]
[accounts.google.com/TOS.107c479.delayed]
[ssl.gstatic.com/images/icons/ui/common/universal_language_settings-21.png]
[accounts.google.com/ServiceLogin60f1.html]
[sites.google.com/site/3dcveieeevr2016/activity.xml]
[sites.google.com/site/3dcveieeevr2016/system/app/pages/recentChanges4c30.html]
[sites.google.com/site/3dcveieeevr2016/system/app/pages/recentChanges.html]
[accounts.google.com/ServiceLoginec08.html]
[ssl.gstatic.com/sites/p/c72c63/system/js/jot_min__en.js]
[sites.google.com/site/3dcveieeevr2016/system/app/pages/reportAbuse.html]
[sites.google.com/site/3dcveieeevr2016/_/tz.html]
[sites.google.com/site/percarworkshop2016/_/rsrc/1589442141000/system/app/images/toolbar-check.gif]
[sites.google.com/site/percarworkshop2016/_/rsrc/1589442141000/system/app/images/icon-help-kennedy.png]
[sites.google.com/site/percarworkshop2016/_/rsrc/1589442141000/system/app/css/editor.css]
[ssl.gstatic.com/sites/p/c72c63/system/app/themes/iceberg/standard-css-iceberg-ltr-ltr.css]
[sites.google.com/site/percarworkshop2016/_/rsrc/1589442141000/system/app/css/overlay999f.css]
[sites.google.com/site/percarworkshop2016/_/rsrc/1589442141000/system/app/images/camelot.png]
[sites.google.com/site/percarworkshop2016/_/rsrc/1589442141000/system/app/css/camelot/allthemes-view.css]
[sites.google.com/site/percarworkshop2016/index.html]
[easychair.org/conferences/index7620.html]
[accounts.google.com/signin/usernamerecovery3f2b.html]
[accounts.google.com/AccountChooser.113581b.delayed]
[accounts.google.com/ServiceLogin9c11.html]
[accounts.google.com/ServiceLogin2b93.html]
[accounts.google.com/SignUp5033.html]
[sites.google.com/site/percarworkshop2016/activity.xml]
[sites.google.com/site/percarworkshop2016/system.html]
[sites.google.com/site/percarworkshop2016/system/app.html]
[sites.google.com/site/percarworkshop2016/system/app/pages.html]
[sites.google.com/site/percarworkshop2016/system/app/pages/recentChanges4c30.html]
[sites.google.com/site/percarworkshop2016/system/app/pages/recentChanges.html]
[accounts.google.com/ServiceLogin8d31.html]
[sites.google.com/site/percarworkshop2016/system/app/pages/reportAbuse.html]
[sites.google.com/site/percarworkshop2016/_/tz.html]
[sites.google.com/site/vhcie2016/_/rsrc/1589442141000/system/app/images/toolbar-check.gif]
[sites.google.com/site/vhcie2016/_/rsrc/1589442141000/system/app/images/icon-help-kennedy.png]
[sites.google.com/site/vhcie2016/_/rsrc/1589442141000/system/app/css/editor.css]
[ssl.gstatic.com/sites/p/c72c63/system/app/themes/terrawater/standard-css-terrawater-ltr-ltr.css]
[sites.google.com/site/vhcie2016/_/rsrc/1449525519088/config/caveBleuBas.png.1449525519008.png]
[sites.google.com/site/vhcie2016/_/rsrc/1589442141000/system/app/css/overlayc339.css]
[sites.google.com/site/vhcie2016/_/rsrc/1589442141000/system/app/images/camelot.png]
[sites.google.com/site/vhcie2016/_/rsrc/1589442141000/system/app/css/camelot/allthemes-view.css]
[sites.google.com/site/vhcie2016/home.html]
[sites.google.com/site/vhcie2016/important-dates.html]
[accounts.google.com/ServiceLogin7eaf.html]
[sites.google.com/site/vhcie2016/program-committee.html]
[accounts.google.com/ServiceLoginca23.html]
[sites.google.com/site/vhcie2016/__.127.delayed]
[sites.google.com/site/vhcie2016/submission.html]
[accounts.google.com/ServiceLogin05ca.html]
[sites.google.com/site/vhcie2016/workshop-program.html]
[accounts.google.com/ServiceLogin4eef.html]
[sites.google.com/site/vhcie2016/system.html]
[sites.google.com/site/vhcie2016/system/app.html]
[sites.google.com/site/vhcie2016/system/app/pages.html]
[sites.google.com/site/vhcie2016/system/app/pages/sitemap.html]
[sites.google.com/site/vhcie2016/system/app/pages/sitemap/hierarchy.html]
[accounts.google.com/ServiceLogin2c80.html]
[accounts.google.com/signin/usernamerecoverycc11.html]
[accounts.google.com/AccountChooser.130a08a.delayed]
[accounts.google.com/ServiceLogin6a69.html]
[accounts.google.com/ServiceLogin1924.html]
[accounts.google.com/SignUp6d8f.html]
[sites.google.com/site/vhcie2016/activity.xml]
[sites.google.com/site/vhcie2016/system/app/pages/recentChanges4c30.html]
[sites.google.com/site/vhcie2016/system/app/pages/recentChanges.html]
[accounts.google.com/ServiceLoginf6eb.html]
[sites.google.com/site/vhcie2016/system/app/pages/reportAbuse.html]
[sites.google.com/site/vhcie2016/_/tz.html]
[accounts.google.com/signin/usernamerecovery8bca.html]
[accounts.google.com/AccountChooser.13b4956.delayed]
[accounts.google.com/ServiceLogin1b79.html]
[accounts.google.com/SignUp04df.html]
[accounts.google.com/POST.140.delayed]
[accounts.google.com/GET.141.delayed]
[accounts.google.com/ServiceLoginc521.html]
[accounts.google.com/signin/usernamerecovery2810.html]
[accounts.google.com/AccountChooser.143cbb6.delayed]
[accounts.google.com/ServiceLogina84b.html]
[accounts.google.com/ServiceLogin263a.html]
[sites.google.com/site/3dcveieeevr2016/home.html]
[accounts.google.com/SignUp1a4c.html]
[accounts.google.com/signin/usernamerecoveryd8cd.html]
[accounts.google.com/AccountChooser.1493c8a.delayed]
[accounts.google.com/ServiceLogina0a3.html]
[accounts.google.com/ServiceLogin7e40.html]
[accounts.google.com/SignUpdad4.html]
[accounts.google.com/signin/usernamerecovery921a.html]
[accounts.google.com/AccountChooser.14f5ba5.delayed]
[accounts.google.com/ServiceLoginbf7d.html]
[accounts.google.com/ServiceLoginc4b9.html]
[accounts.google.com/SignUpade6.html]
[accounts.google.com/signin/usernamerecoveryf948.html]
[accounts.google.com/AccountChooser.1559eb8.delayed]
[accounts.google.com/ServiceLogind1ad.html]
[accounts.google.com/ServiceLogin88d0.html]
[accounts.google.com/SignUpaf1b.html]
[accounts.google.com/signin/usernamerecovery17ef.html]
[accounts.google.com/AccountChooser.15be939.delayed]
[accounts.google.com/ServiceLogin38d4.html]
[accounts.google.com/ServiceLogincd9c.html]
[accounts.google.com/SignUp2bc3.html]
[accounts.google.com/signin/usernamerecovery548a.html]
[accounts.google.com/AccountChooser.1610312.delayed]
[accounts.google.com/ServiceLogin1dcb.html]
[accounts.google.com/ServiceLogind800.html]
[sites.google.com/site/3dcveieeevr2016/system.html]
[sites.google.com/site/3dcveieeevr2016/system/app.html]
[sites.google.com/site/3dcveieeevr2016/system/app/pages.html]
[sites.google.com/site/3dcveieeevr2016/system/app/pages/sitemap.html]
[accounts.google.com/SignUpba2d.html]
[accounts.google.com/signin/usernamerecovery742a.html]
[accounts.google.com/AccountChooser.1671587.delayed]
[accounts.google.com/ServiceLogin724d.html]
[accounts.google.com/ServiceLogin884d.html]
[accounts.google.com/signin/usernamerecoverycad2.html]
[accounts.google.com/SignUp15fe.html]
[accounts.google.com/AccountChooser.16ea4bb.delayed]
[accounts.google.com/ServiceLogin82e6.html]
[accounts.google.com/SignUpfef7.html]
[ssl.gstatic.com/ui/v1/dialog/close-x.png]
[ssl.gstatic.com/i18n/phonenumbers/phoneinputwidget/flags4.png]
[ssl.gstatic.com/ui/v1/disclosure/grey-disclosure-arrow-up-down.png]
[ssl.gstatic.com/i18n/phonenumbers/phoneinputwidget/phone-input-arrow.png]
[ssl.gstatic.com/accounts/ui/wlogostrip_325x24_1x.png]
[ssl.gstatic.com/accounts/signup/devices_1x.png]
[ssl.gstatic.com/accounts/ui/wlogostrip_325x24_2x.png]
[ssl.gstatic.com/accounts/signup/devices_2x.png]
[ssl.gstatic.com/accounts/ui/refresh_white.png]
[accounts.google.com/+/index.html]
[accounts.google.com/ServiceLoginff25.html]
[accounts.google.com/SignUpWithoutGmail2d48.html]
[accounts.google.com/signin/recoveryf5b5.html]
[www.gstatic.com/images/icons/material/system/2x/keyboard_arrow_down_white_24dp.png]
[accounts.google.com/SignUp1366.html]
[sites.google.com/site/3dcveieeevr2016/system/app/pages/recentChangese164.html]
[sites.google.com/site/3dcveieeevr2016/system/app/pages/recentChanges4c30.html]
[sites.google.com/site/3dcveieeevr2016/system/app/pages/recentChangesf13c.html]
[accounts.google.com/signin/usernamerecovery5684.html]
[accounts.google.com/AccountChooser.185dc11.delayed]
[accounts.google.com/ServiceLogin7b4b.html]
[accounts.google.com/ServiceLoginec08.html]
[accounts.google.com/SignUp8bf6.html]
[sites.google.com/site/3dcveieeevr2016/_/rsrc/1589442141000/system/app/images/spinner.gif]
[www.gstatic.com/images/branding/product/1x/atari_24dp.png]
[www.gstatic.com/images/branding/product/1x/sites_24dp.png]
[sites.google.com/site/3dcveieeevr2016/_/rsrc/1589442141000/system/app/css/camelot/dashboard.css]
[sites.google.com/site/3dcveieeevr2016/_/rsrc/1589442141000/system/app/css/camelot/error.css]
[accounts.google.com/signin/usernamerecovery3f2b.html]
[accounts.google.com/AccountChooser.1906eda.delayed]
[accounts.google.com/ServiceLogin9c11.html]
[accounts.google.com/ServiceLogin58d1.html]
[accounts.google.com/SignUpWithoutGmail236f.html]
[accounts.google.com/SignUp5033.html]
[sites.google.com/site/percarworkshop2016/system.html]
[sites.google.com/site/percarworkshop2016/system/app.html]
[sites.google.com/site/percarworkshop2016/system/app/pages.html]
[accounts.google.com/signin/recovery581b.html]
[sites.google.com/site/percarworkshop2016/system/app/pages/recentChanges4c30.html]
[sites.google.com/site/percarworkshop2016/system/app/pages/recentChangesf13c.html]
[accounts.google.com/signin/usernamerecovery8b56.html]
[accounts.google.com/AccountChooser.19b8cae.delayed]
[accounts.google.com/ServiceLogin096e.html]
[accounts.google.com/ServiceLogin8d31.html]
[accounts.google.com/SignUpdbfd.html]
[sites.google.com/site/percarworkshop2016/_/rsrc/1589442141000/system/app/images/spinner.gif]
[sites.google.com/site/percarworkshop2016/_/rsrc/1589442141000/system/app/css/camelot/dashboard.css]
[sites.google.com/site/percarworkshop2016/_/rsrc/1589442141000/system/app/css/camelot/error.css]
[accounts.google.com/signin/usernamerecovery1aae.html]
[accounts.google.com/AccountChooser.1a25a45.delayed]
[accounts.google.com/ServiceLogin3df8.html]
[accounts.google.com/ServiceLogin7eaf.html]
[accounts.google.com/SignUp6161.html]
[accounts.google.com/signin/usernamerecovery1e03.html]
[accounts.google.com/AccountChooser.1a8ac1f.delayed]
[accounts.google.com/ServiceLogin8c28.html]
[accounts.google.com/ServiceLoginca23.html]
[sites.google.com/site/vhcie2016/__.html]
[accounts.google.com/SignUp61a5.html]
[accounts.google.com/signin/usernamerecoveryc517.html]
[accounts.google.com/AccountChooser.1aeac52.delayed]
[accounts.google.com/ServiceLoginbd66.html]
[accounts.google.com/ServiceLogin05ca.html]
[accounts.google.com/SignUp2a85.html]
[accounts.google.com/signin/usernamerecoveryf414.html]
[accounts.google.com/AccountChooser.1b42af7.delayed]
[accounts.google.com/ServiceLogin5922.html]
[accounts.google.com/ServiceLogin4eef.html]
[sites.google.com/site/vhcie2016/system.html]
[sites.google.com/site/vhcie2016/system/app.html]
[sites.google.com/site/vhcie2016/system/app/pages.html]
[sites.google.com/site/vhcie2016/system/app/pages/sitemap.html]
[accounts.google.com/SignUp01b6.html]
[accounts.google.com/signin/usernamerecovery3d27.html]
[accounts.google.com/AccountChooser.1baa428.delayed]
[accounts.google.com/ServiceLoginb9e2.html]
[accounts.google.com/ServiceLogin2c80.html]
[accounts.google.com/signin/usernamerecoverycc11.html]
[accounts.google.com/SignUp45be.html]
[accounts.google.com/AccountChooser.1c18b3f.delayed]
[accounts.google.com/ServiceLogin6a69.html]
[accounts.google.com/ServiceLogindbb7.html]
[accounts.google.com/SignUpWithoutGmail3b17.html]
[accounts.google.com/signin/recoverya08a.html]
[accounts.google.com/SignUp6d8f.html]
[sites.google.com/site/vhcie2016/system/app/pages/recentChangese164.html]
[sites.google.com/site/vhcie2016/system/app/pages/recentChanges4c30.html]
[sites.google.com/site/vhcie2016/system/app/pages/recentChangesf13c.html]
[accounts.google.com/signin/usernamerecoveryee80.html]
[accounts.google.com/AccountChooser.1cdf335.delayed]
[accounts.google.com/ServiceLoginebf9.html]
[accounts.google.com/ServiceLoginf6eb.html]
[accounts.google.com/SignUp288e.html]
[sites.google.com/site/vhcie2016/_/rsrc/1589442141000/system/app/images/spinner.gif]
[sites.google.com/site/vhcie2016/_/rsrc/1589442141000/system/app/css/camelot/dashboard.css]
[sites.google.com/site/vhcie2016/_/rsrc/1589442141000/system/app/css/camelot/error.css]
[accounts.google.com/signin/usernamerecovery8bca.html]
[accounts.google.com/AccountChooser.1d3d7eb.delayed]
[accounts.google.com/ServiceLogin1b79.html]
[accounts.google.com/ServiceLogin92ab.html]
[accounts.google.com/SignUpWithoutGmail01a2.html]
[accounts.google.com/SignUp04df.html]
[accounts.google.com/POST.html]
[accounts.google.com/GET.html]
[accounts.google.com/signin/usernamerecovery2810.html]
[accounts.google.com/signin/recovery5b7e.html]
[accounts.google.com/AccountChooser.1dcd4c0.delayed]
[accounts.google.com/ServiceLogina84b.html]
[accounts.google.com/ServiceLoginf872.html]
[accounts.google.com/SignUpWithoutGmaila730.html]
[accounts.google.com/signin/recovery27cf.html]
[accounts.google.com/SignUp1a4c.html]
[accounts.google.com/signin/usernamerecoveryd8cd.html]
[accounts.google.com/AccountChooser.1e7d364.delayed]
[accounts.google.com/ServiceLogina0a3.html]
[accounts.google.com/ServiceLogin26e2.html]
[accounts.google.com/SignUpWithoutGmaild203.html]
[accounts.google.com/SignUpdad4.html]
[accounts.google.com/signin/usernamerecovery921a.html]
[accounts.google.com/signin/recovery3c8a.html]
[accounts.google.com/AccountChooser.1f2466a.delayed]
[accounts.google.com/ServiceLoginbf7d.html]
[accounts.google.com/ServiceLoginb29c.html]
[accounts.google.com/SignUpWithoutGmailede6.html]
[accounts.google.com/signin/recovery5ba5.html]
[accounts.google.com/SignUpade6.html]
[accounts.google.com/signin/usernamerecoveryf948.html]
[accounts.google.com/AccountChooser.1fd41cf.delayed]
[accounts.google.com/ServiceLogind1ad.html]
[accounts.google.com/ServiceLoginfb32.html]
[accounts.google.com/SignUpWithoutGmail6d95.html]
[accounts.google.com/SignUpaf1b.html]
[accounts.google.com/signin/usernamerecovery17ef.html]
[accounts.google.com/signin/recovery9eb8.html]
[accounts.google.com/AccountChooser.208adda.delayed]
[accounts.google.com/ServiceLogin38d4.html]
[accounts.google.com/ServiceLogin31ef.html]
[accounts.google.com/SignUpWithoutGmail3e28.html]
[accounts.google.com/signin/recoverye939.html]
[accounts.google.com/SignUp2bc3.html]
[accounts.google.com/signin/usernamerecovery548a.html]
[accounts.google.com/AccountChooser.21365a7.delayed]
[accounts.google.com/ServiceLogin1dcb.html]
[accounts.google.com/ServiceLogin889a.html]
[accounts.google.com/SignUpWithoutGmail4e5c.html]
[accounts.google.com/SignUpba2d.html]
[accounts.google.com/signin/usernamerecovery742a.html]
[accounts.google.com/signin/recovery0312.html]
[accounts.google.com/AccountChooser.21e41b9.delayed]
[accounts.google.com/ServiceLogin724d.html]
[accounts.google.com/ServiceLogin41fc.html]
[accounts.google.com/SignUpWithoutGmail86cf.html]
[accounts.google.com/signin/recovery1587.html]
[accounts.google.com/SignUp15fe.html]
[accounts.google.com/ServiceLogin2662.html]
[accounts.google.com/SignUpWithoutGmail8ba7.html]
[accounts.google.com/signin/recoveryb407.html]
[accounts.google.com/SignUpfef7.html]
[accounts.google.com/+/index.html]
[accounts.google.com/AccountChooser.22dff25.delayed]
[accounts.google.com/ServiceLoginff25.html]
[accounts.google.com/SignUpWithoutGmailfef7.html]
[accounts.google.com/SignUpWithoutGmail2d48.html]
[accounts.google.com/signin/recoveryf5b5.html]
[sites.google.com/site/3dcveieeevr2016/system/app/pages/recentChangese164.html]
[sites.google.com/site/3dcveieeevr2016/system/app/pages/recentChangesf13c.html]
[accounts.google.com/signin/usernamerecovery5684.html]
[accounts.google.com/SignUp2d48.html]
[accounts.google.com/AccountChooser.239e474.delayed]
[accounts.google.com/ServiceLogin7b4b.html]
[accounts.google.com/ServiceLogine633.html]
[accounts.google.com/SignUpWithoutGmaila18d.html]
[accounts.google.com/SignUp8bf6.html]
[docs.google.com/images/env.html]
[accounts.google.com/signin/recoverydc11.html]
[accounts.google.com/AccountChooser.24258d1.delayed]
[accounts.google.com/ServiceLogin58d1.html]
[accounts.google.com/SignUpWithoutGmail236f.html]
[accounts.google.com/signin/recovery581b.html]
[sites.google.com/site/percarworkshop2016/system/app/pages/recentChangesf13c.html]
[accounts.google.com/signin/usernamerecovery8b56.html]
[accounts.google.com/SignUp236f.html]
[accounts.google.com/AccountChooser.24dce8c.delayed]
[accounts.google.com/ServiceLogin096e.html]
[accounts.google.com/ServiceLogine0ad.html]
[accounts.google.com/SignUpWithoutGmailb6ea.html]
[accounts.google.com/signin/recovery8cae.html]
[accounts.google.com/SignUpdbfd.html]
[accounts.google.com/signin/usernamerecovery1aae.html]
[accounts.google.com/AccountChooser.25874c0.delayed]
[accounts.google.com/ServiceLogin3df8.html]
[accounts.google.com/ServiceLogin1cf9.html]
[accounts.google.com/SignUpWithoutGmail050f.html]
[accounts.google.com/SignUp6161.html]
[accounts.google.com/signin/usernamerecovery1e03.html]
[accounts.google.com/signin/recovery5a45.html]
[accounts.google.com/AccountChooser.2633977.delayed]
[accounts.google.com/ServiceLogin8c28.html]
[accounts.google.com/ServiceLoginb5ee.html]
[accounts.google.com/SignUpWithoutGmail5805.html]
[accounts.google.com/signin/recoveryac1f.html]
[accounts.google.com/SignUp61a5.html]
[accounts.google.com/signin/usernamerecoveryc517.html]
[accounts.google.com/AccountChooser.26e3a94.delayed]
[accounts.google.com/ServiceLoginbd66.html]
[accounts.google.com/ServiceLoginaf1d.html]
[accounts.google.com/SignUpWithoutGmail2e4b.html]
[accounts.google.com/SignUp2a85.html]
[accounts.google.com/signin/usernamerecoveryf414.html]
[accounts.google.com/signin/recoveryac52.html]
[accounts.google.com/AccountChooser.27962f7.delayed]
[accounts.google.com/ServiceLogin5922.html]
[accounts.google.com/ServiceLogin6dd0.html]
[accounts.google.com/SignUpWithoutGmaile9d9.html]
[accounts.google.com/signin/recovery2af7.html]
[accounts.google.com/SignUp01b6.html]
[accounts.google.com/signin/usernamerecovery3d27.html]
[accounts.google.com/AccountChooser.2842404.delayed]
[accounts.google.com/ServiceLoginb9e2.html]
[accounts.google.com/ServiceLogin15d8.html]
[accounts.google.com/SignUpWithoutGmail8c73.html]
[accounts.google.com/SignUp45be.html]
[accounts.google.com/signin/recoverya428.html]
[accounts.google.com/AccountChooser.28ddbb7.delayed]
[accounts.google.com/ServiceLogindbb7.html]
[accounts.google.com/SignUpWithoutGmail3b17.html]
[accounts.google.com/signin/recoverya08a.html]
[accounts.google.com/SignUp3b17.html]
[sites.google.com/site/vhcie2016/system/app/pages/recentChangese164.html]
[sites.google.com/site/vhcie2016/system/app/pages/recentChangesf13c.html]
[accounts.google.com/signin/usernamerecoveryee80.html]
[sites.google.com/site/vhcie2016/system/app/pages/recentChanges79ee.html]
[accounts.google.com/AccountChooser.299297c.delayed]
[accounts.google.com/ServiceLoginebf9.html]
[accounts.google.com/ServiceLogin74b4.html]
[accounts.google.com/SignUpWithoutGmail4841.html]
[accounts.google.com/SignUp288e.html]
[accounts.google.com/signin/recoveryf335.html]
[accounts.google.com/AccountChooser.2a292ab.delayed]
[accounts.google.com/ServiceLogin92ab.html]
[accounts.google.com/ServiceLogine518.html]
[accounts.google.com/SignUpWithoutGmail01a2.html]
[accounts.google.com/signin/recovery5b7e.html]
[accounts.google.com/SignUp01a2.html]
[accounts.google.com/AccountChooser.2aaf872.delayed]
[accounts.google.com/ServiceLoginf872.html]
[accounts.google.com/ServiceLogin0b8f.html]
[accounts.google.com/SignUpWithoutGmaila730.html]
[accounts.google.com/signin/recovery27cf.html]
[accounts.google.com/SignUpa730.html]
[accounts.google.com/AccountChooser.2b226e2.delayed]
[accounts.google.com/ServiceLogin26e2.html]
[accounts.google.com/SignUpWithoutGmaild203.html]
[accounts.google.com/signin/recovery3c8a.html]
[accounts.google.com/SignUpd203.html]
[accounts.google.com/AccountChooser.2bbb29c.delayed]
[accounts.google.com/ServiceLoginb29c.html]
[accounts.google.com/SignUpWithoutGmailede6.html]
[accounts.google.com/signin/recovery5ba5.html]
[accounts.google.com/SignUpede6.html]
[accounts.google.com/AccountChooser.2c4fb32.delayed]
[accounts.google.com/ServiceLoginfb32.html]
[accounts.google.com/SignUpWithoutGmail6d95.html]
[accounts.google.com/signin/recovery9eb8.html]
[accounts.google.com/SignUp6d95.html]
[accounts.google.com/AccountChooser.2cd31ef.delayed]
[accounts.google.com/ServiceLogin31ef.html]
[accounts.google.com/SignUpWithoutGmail3e28.html]
[accounts.google.com/signin/recoverye939.html]
[accounts.google.com/SignUp3e28.html]
[accounts.google.com/AccountChooser.2d6889a.delayed]
[accounts.google.com/ServiceLogin889a.html]
[accounts.google.com/SignUpWithoutGmail4e5c.html]
[accounts.google.com/signin/recovery0312.html]
[accounts.google.com/SignUp4e5c.html]
[accounts.google.com/AccountChooser.2df41fc.delayed]
[accounts.google.com/ServiceLogin41fc.html]
[accounts.google.com/SignUpWithoutGmail86cf.html]
[accounts.google.com/signin/recovery1587.html]
[accounts.google.com/SignUp86cf.html]
[accounts.google.com/signin/usernamerecoveryc5ad.html]
[accounts.google.com/AccountChooser.2e92662.delayed]
[accounts.google.com/ServiceLoginb8f8.html]
[accounts.google.com/ServiceLogin2662.html]
[accounts.google.com/SignUpb407.html]
[accounts.google.com/SignUpWithoutGmail8ba7.html]
[accounts.google.com/signin/recoveryb407.html]
[accounts.google.com/SignUp8ba7.html]
[accounts.google.com/ServiceLogine501.html]
[accounts.google.com/SignUpWithoutGmailfef7.html]
[accounts.google.com/SignUp2d48.html]
[accounts.google.com/SignUp1a5b.html]
[accounts.google.com/AccountChooser.2fce633.delayed]
[accounts.google.com/ServiceLogine633.html]
[accounts.google.com/SignUpWithoutGmaila18d.html]
[accounts.google.com/signin/recoverydc11.html]
[accounts.google.com/SignUp236f.html]
[accounts.google.com/SignUpa18d.html]
[accounts.google.com/AccountChooser.308e0ad.delayed]
[accounts.google.com/ServiceLogine0ad.html]
[accounts.google.com/SignUpWithoutGmailb6ea.html]
[accounts.google.com/signin/recovery8cae.html]
[accounts.google.com/SignUpb6ea.html]
[accounts.google.com/AccountChooser.3111cf9.delayed]
[accounts.google.com/ServiceLogin1cf9.html]
[accounts.google.com/SignUpWithoutGmail050f.html]
[accounts.google.com/signin/recovery5a45.html]
[accounts.google.com/SignUp050f.html]
[accounts.google.com/AccountChooser.31ab5ee.delayed]
[accounts.google.com/ServiceLoginb5ee.html]
[accounts.google.com/SignUpWithoutGmail5805.html]
[accounts.google.com/signin/recoveryac1f.html]
[accounts.google.com/SignUp5805.html]
[accounts.google.com/AccountChooser.323af1d.delayed]
[accounts.google.com/ServiceLoginaf1d.html]
[accounts.google.com/SignUpWithoutGmail2e4b.html]
[accounts.google.com/signin/recoveryac52.html]
[accounts.google.com/SignUp2e4b.html]
[accounts.google.com/AccountChooser.32c6dd0.delayed]
[accounts.google.com/ServiceLogin6dd0.html]
[accounts.google.com/SignUpWithoutGmaile9d9.html]
[accounts.google.com/signin/recovery2af7.html]
[accounts.google.com/SignUpe9d9.html]
[accounts.google.com/AccountChooser.33515d8.delayed]
[accounts.google.com/ServiceLogin15d8.html]
[accounts.google.com/SignUpWithoutGmail8c73.html]
[accounts.google.com/signin/recoverya428.html]
[accounts.google.com/SignUp3b17.html]
[sites.google.com/site/vhcie2016/system/app/pages/recentChanges79ee.html]
[accounts.google.com/SignUp8c73.html]
[accounts.google.com/AccountChooser.34174b4.delayed]
[accounts.google.com/ServiceLogin74b4.html]
[accounts.google.com/SignUpWithoutGmail4841.html]
[accounts.google.com/signin/recoveryf335.html]
[accounts.google.com/SignUp4841.html]
[accounts.google.com/AccountChooser.34a511f.delayed]
[accounts.google.com/ServiceLogine518.html]
[accounts.google.com/SignUp01a2.html]
[accounts.google.com/AccountChooser.35066f6.delayed]
[accounts.google.com/ServiceLogin0b8f.html]
[accounts.google.com/SignUpa730.html]
[accounts.google.com/SignUpd203.html]
[accounts.google.com/SignUpede6.html]
[accounts.google.com/SignUp6d95.html]
[accounts.google.com/SignUp3e28.html]
[accounts.google.com/SignUp4e5c.html]
[accounts.google.com/SignUp86cf.html]
[accounts.google.com/signin/usernamerecoveryc5ad.html]
[accounts.google.com/AccountChooser.36acd16.delayed]
[accounts.google.com/ServiceLoginb8f8.html]
[accounts.google.com/ServiceLogin9177.html]
[accounts.google.com/SignUpb407.html]
[accounts.google.com/SignUp8ba7.html]
[accounts.google.com/SignUpWithoutGmail3a5c.html]
[accounts.google.com/AccountChooser.375e501.delayed]
[accounts.google.com/ServiceLogine501.html]
[accounts.google.com/SignUp1a5b.html]
[accounts.google.com/SignUpa18d.html]
[accounts.google.com/SignUpb6ea.html]
[accounts.google.com/SignUp050f.html]
[accounts.google.com/SignUp5805.html]
[accounts.google.com/SignUp2e4b.html]
[accounts.google.com/SignUpe9d9.html]
[accounts.google.com/SignUp8c73.html]
[accounts.google.com/SignUp4841.html]
[accounts.google.com/SignUpWithoutGmail1a5b.html]
[accounts.google.com/AccountChooser.3949177.delayed]
[accounts.google.com/ServiceLogin9177.html]
[accounts.google.com/SignUpWithoutGmail3a5c.html]
[accounts.google.com/SignUpWithoutGmail1a5b.html]
[accounts.google.com/SignUp3a5c.html]
[accounts.google.com/SignUp3a5c.html]
